Component: ARM Compiler 5.06 update 6 (build 750) Tool: armlink [4d35ed]

==============================================================================

Section Cross References

    main.o(i.Init_CHA) refers to driver_gpio.o(i.MyGPIO_Init) for MyGPIO_Init
    main.o(i.Init_CHB) refers to driver_gpio.o(i.MyGPIO_Init) for MyGPIO_Init
    main.o(i.Init_CODER) refers to driver_gpio.o(i.MyGPIO_Init) for MyGPIO_Init
    main.o(i.main) refers to mytimer.o(i.MyTimer_Base_Init) for MyTimer_Base_Init
    main.o(i.main) refers to mytimer.o(i.MyTimer_Base_Start) for MyTimer_Base_Start
    main.o(i.main) refers to main.o(i.Init_CHA) for Init_CHA
    main.o(i.main) refers to main.o(i.Init_CHB) for Init_CHB
    main.o(i.main) refers to main.o(i.Init_CODER) for Init_CODER
    main.o(i.main) refers to mytimer.o(i.MyTimer_Encoder_Init) for MyTimer_Encoder_Init
    main.o(i.main) refers to mytimer.o(i.MyZero_ActiveIT) for MyZero_ActiveIT
    main.o(i.main) refers to main.o(.bss) for MyTimer
    driver_gpio.o(i.MyGPIO_Toggle) refers to driver_gpio.o(i.MyGPIO_Set) for MyGPIO_Set
    driver_gpio.o(i.MyGPIO_Toggle) refers to driver_gpio.o(i.MyGPIO_Reset) for MyGPIO_Reset
    mytimer.o(i.MyTimer_ActiveIT) refers to mytimer.o(i.__NVIC_SetPriority) for __NVIC_SetPriority
    mytimer.o(i.MyTimer_ActiveIT) refers to mytimer.o(.data) for tim2_function
    mytimer.o(i.MyZero_ActiveIT) refers to mytimer.o(i.__NVIC_SetPriority) for __NVIC_SetPriority
    mytimer.o(i.PWM_Port_Init) refers to driver_gpio.o(i.MyGPIO_Init) for MyGPIO_Init
    mytimer.o(i.PWM_Port_Init) refers to mytimer.o(.data) for TIMER1_TAB_CH
    mytimer.o(i.TIM2_IRQHandler) refers to mytimer.o(.data) for tim2_function
    mytimer.o(i.TIM3_IRQHandler) refers to mytimer.o(.data) for tim3_function
    mytimer.o(i.TIM4_IRQHandler) refers to mytimer.o(.data) for tim4_function
    startup_stm32f10x_md.o(RESET) refers to startup_stm32f10x_md.o(STACK) for __initial_sp
    startup_stm32f10x_md.o(RESET) refers to startup_stm32f10x_md.o(.text) for Reset_Handler
    startup_stm32f10x_md.o(RESET) refers to mytimer.o(i.EXTI0_IRQHandler) for EXTI0_IRQHandler
    startup_stm32f10x_md.o(RESET) refers to mytimer.o(i.TIM2_IRQHandler) for TIM2_IRQHandler
    startup_stm32f10x_md.o(RESET) refers to mytimer.o(i.TIM3_IRQHandler) for TIM3_IRQHandler
    startup_stm32f10x_md.o(RESET) refers to mytimer.o(i.TIM4_IRQHandler) for TIM4_IRQHandler
    startup_stm32f10x_md.o(.text) refers to system_stm32f10x.o(i.SystemInit) for SystemInit
    startup_stm32f10x_md.o(.text) refers to entry.o(.ARM.Collect$$$$00000000) for __main
    system_stm32f10x.o(i.SetSysClock) refers to system_stm32f10x.o(i.SetSysClockTo72) for SetSysClockTo72
    system_stm32f10x.o(i.SystemCoreClockUpdate) refers to system_stm32f10x.o(.data) for SystemCoreClock
    system_stm32f10x.o(i.SystemInit) refers to system_stm32f10x.o(i.SetSysClock) for SetSysClock
    entry.o(.ARM.Collect$$$$00000000) refers (Special) to entry10a.o(.ARM.Collect$$$$0000000D) for __rt_final_cpp
    entry.o(.ARM.Collect$$$$00000000) refers (Special) to entry11a.o(.ARM.Collect$$$$0000000F) for __rt_final_exit
    entry.o(.ARM.Collect$$$$00000000) refers (Special) to entry7b.o(.ARM.Collect$$$$00000008) for _main_clock
    entry.o(.ARM.Collect$$$$00000000) refers (Special) to entry8b.o(.ARM.Collect$$$$0000000A) for _main_cpp_init
    entry.o(.ARM.Collect$$$$00000000) refers (Special) to entry9a.o(.ARM.Collect$$$$0000000B) for _main_init
    entry.o(.ARM.Collect$$$$00000000) refers (Special) to entry5.o(.ARM.Collect$$$$00000004) for _main_scatterload
    entry.o(.ARM.Collect$$$$00000000) refers (Special) to entry2.o(.ARM.Collect$$$$00000001) for _main_stk
    entry2.o(.ARM.Collect$$$$00000001) refers to entry2.o(.ARM.Collect$$$$00002712) for __lit__00000000
    entry2.o(.ARM.Collect$$$$00002712) refers to startup_stm32f10x_md.o(STACK) for __initial_sp
    entry2.o(__vectab_stack_and_reset_area) refers to startup_stm32f10x_md.o(STACK) for __initial_sp
    entry2.o(__vectab_stack_and_reset_area) refers to entry.o(.ARM.Collect$$$$00000000) for __main
    entry5.o(.ARM.Collect$$$$00000004) refers to init.o(.text) for __scatterload
    entry9a.o(.ARM.Collect$$$$0000000B) refers to main.o(i.main) for main
    entry9b.o(.ARM.Collect$$$$0000000C) refers to main.o(i.main) for main
    init.o(.text) refers to entry5.o(.ARM.Collect$$$$00000004) for __main_after_scatterload


==============================================================================

Removing Unused input sections from the image.

    Removing main.o(.rev16_text), (4 bytes).
    Removing main.o(.revsh_text), (4 bytes).
    Removing main.o(.rrx_text), (6 bytes).
    Removing main.o(i.Callback), (2 bytes).
    Removing driver_gpio.o(.rev16_text), (4 bytes).
    Removing driver_gpio.o(.revsh_text), (4 bytes).
    Removing driver_gpio.o(.rrx_text), (6 bytes).
    Removing driver_gpio.o(i.MyGPIO_Read), (12 bytes).
    Removing driver_gpio.o(i.MyGPIO_Reset), (18 bytes).
    Removing driver_gpio.o(i.MyGPIO_Set), (12 bytes).
    Removing driver_gpio.o(i.MyGPIO_Toggle), (36 bytes).
    Removing mytimer.o(.rev16_text), (4 bytes).
    Removing mytimer.o(.revsh_text), (4 bytes).
    Removing mytimer.o(.rrx_text), (6 bytes).
    Removing mytimer.o(i.MyTimer_ActiveIT), (112 bytes).
    Removing mytimer.o(i.MyTimer_Base_Stop), (24 bytes).
    Removing mytimer.o(i.MyTimer_PWM), (110 bytes).
    Removing mytimer.o(i.PWM_Port_Init), (172 bytes).
    Removing mytimer.o(i.PWM_RapportCyclique), (2 bytes).
    Removing startup_stm32f10x_md.o(HEAP), (512 bytes).
    Removing system_stm32f10x.o(.rev16_text), (4 bytes).
    Removing system_stm32f10x.o(.revsh_text), (4 bytes).
    Removing system_stm32f10x.o(.rrx_text), (6 bytes).
    Removing system_stm32f10x.o(i.SystemCoreClockUpdate), (164 bytes).
    Removing system_stm32f10x.o(.data), (20 bytes).

25 unused section(s) (total 1252 bytes) removed from the image.

==============================================================================

Image Symbol Table

    Local Symbols

    Symbol Name                              Value     Ov Type        Size  Object(Section)

    ../clib/microlib/init/entry.s            0x00000000   Number         0  entry10a.o ABSOLUTE
    ../clib/microlib/init/entry.s            0x00000000   Number         0  entry9b.o ABSOLUTE
    ../clib/microlib/init/entry.s            0x00000000   Number         0  entry9a.o ABSOLUTE
    ../clib/microlib/init/entry.s            0x00000000   Number         0  entry8b.o ABSOLUTE
    ../clib/microlib/init/entry.s            0x00000000   Number         0  entry8a.o ABSOLUTE
    ../clib/microlib/init/entry.s            0x00000000   Number         0  entry7b.o ABSOLUTE
    ../clib/microlib/init/entry.s            0x00000000   Number         0  entry11a.o ABSOLUTE
    ../clib/microlib/init/entry.s            0x00000000   Number         0  entry7a.o ABSOLUTE
    ../clib/microlib/init/entry.s            0x00000000   Number         0  entry5.o ABSOLUTE
    ../clib/microlib/init/entry.s            0x00000000   Number         0  entry2.o ABSOLUTE
    ../clib/microlib/init/entry.s            0x00000000   Number         0  entry.o ABSOLUTE
    ../clib/microlib/init/entry.s            0x00000000   Number         0  entry11b.o ABSOLUTE
    ../clib/microlib/init/entry.s            0x00000000   Number         0  entry10b.o ABSOLUTE
    ..\MesDrivers\Source\Driver_GPIO.c       0x00000000   Number         0  driver_gpio.o ABSOLUTE
    ..\MesDrivers\Source\MyTimer.c           0x00000000   Number         0  mytimer.o ABSOLUTE
    ..\\MesDrivers\\Source\\Driver_GPIO.c    0x00000000   Number         0  driver_gpio.o ABSOLUTE
    ..\\MesDrivers\\Source\\MyTimer.c        0x00000000   Number         0  mytimer.o ABSOLUTE
    RTE\Device\STM32F103RB\startup_stm32f10x_md.s 0x00000000   Number         0  startup_stm32f10x_md.o ABSOLUTE
    RTE\Device\STM32F103RB\system_stm32f10x.c 0x00000000   Number         0  system_stm32f10x.o ABSOLUTE
    RTE\\Device\\STM32F103RB\\system_stm32f10x.c 0x00000000   Number         0  system_stm32f10x.o ABSOLUTE
    Source\\main.c                           0x00000000   Number         0  main.o ABSOLUTE
    Source\main.c                            0x00000000   Number         0  main.o ABSOLUTE
    dc.s                                     0x00000000   Number         0  dc.o ABSOLUTE
    handlers.s                               0x00000000   Number         0  handlers.o ABSOLUTE
    init.s                                   0x00000000   Number         0  init.o ABSOLUTE
    RESET                                    0x08000000   Section      236  startup_stm32f10x_md.o(RESET)
    .ARM.Collect$$$$00000000                 0x080000ec   Section        0  entry.o(.ARM.Collect$$$$00000000)
    .ARM.Collect$$$$00000001                 0x080000ec   Section        4  entry2.o(.ARM.Collect$$$$00000001)
    .ARM.Collect$$$$00000004                 0x080000f0   Section        4  entry5.o(.ARM.Collect$$$$00000004)
    .ARM.Collect$$$$00000008                 0x080000f4   Section        0  entry7b.o(.ARM.Collect$$$$00000008)
    .ARM.Collect$$$$0000000A                 0x080000f4   Section        0  entry8b.o(.ARM.Collect$$$$0000000A)
    .ARM.Collect$$$$0000000B                 0x080000f4   Section        8  entry9a.o(.ARM.Collect$$$$0000000B)
    .ARM.Collect$$$$0000000D                 0x080000fc   Section        0  entry10a.o(.ARM.Collect$$$$0000000D)
    .ARM.Collect$$$$0000000F                 0x080000fc   Section        0  entry11a.o(.ARM.Collect$$$$0000000F)
    .ARM.Collect$$$$00002712                 0x080000fc   Section        4  entry2.o(.ARM.Collect$$$$00002712)
    __lit__00000000                          0x080000fc   Data           4  entry2.o(.ARM.Collect$$$$00002712)
    .text                                    0x08000100   Section       36  startup_stm32f10x_md.o(.text)
    .text                                    0x08000124   Section       36  init.o(.text)
    i.EXTI0_IRQHandler                       0x08000148   Section        0  mytimer.o(i.EXTI0_IRQHandler)
    i.Init_CHA                               0x08000168   Section        0  main.o(i.Init_CHA)
    i.Init_CHB                               0x08000188   Section        0  main.o(i.Init_CHB)
    i.Init_CODER                             0x080001a8   Section        0  main.o(i.Init_CODER)
    i.MyGPIO_Init                            0x080001c8   Section        0  driver_gpio.o(i.MyGPIO_Init)
    i.MyTimer_Base_Init                      0x08000220   Section        0  mytimer.o(i.MyTimer_Base_Init)
    i.MyTimer_Base_Start                     0x08000244   Section        0  mytimer.o(i.MyTimer_Base_Start)
    i.MyTimer_Encoder_Init                   0x08000252   Section        0  mytimer.o(i.MyTimer_Encoder_Init)
    i.MyZero_ActiveIT                        0x0800026c   Section        0  mytimer.o(i.MyZero_ActiveIT)
    i.SetSysClock                            0x080002a4   Section        0  system_stm32f10x.o(i.SetSysClock)
    SetSysClock                              0x080002a5   Thumb Code     8  system_stm32f10x.o(i.SetSysClock)
    i.SetSysClockTo72                        0x080002ac   Section        0  system_stm32f10x.o(i.SetSysClockTo72)
    SetSysClockTo72                          0x080002ad   Thumb Code   214  system_stm32f10x.o(i.SetSysClockTo72)
    i.SystemInit                             0x0800038c   Section        0  system_stm32f10x.o(i.SystemInit)
    i.TIM2_IRQHandler                        0x080003ec   Section        0  mytimer.o(i.TIM2_IRQHandler)
    i.TIM3_IRQHandler                        0x0800040c   Section        0  mytimer.o(i.TIM3_IRQHandler)
    i.TIM4_IRQHandler                        0x0800042c   Section        0  mytimer.o(i.TIM4_IRQHandler)
    i.__NVIC_SetPriority                     0x0800044c   Section        0  mytimer.o(i.__NVIC_SetPriority)
    __NVIC_SetPriority                       0x0800044d   Thumb Code    32  mytimer.o(i.__NVIC_SetPriority)
    i.__scatterload_copy                     0x08000474   Section       14  handlers.o(i.__scatterload_copy)
    i.__scatterload_null                     0x08000482   Section        2  handlers.o(i.__scatterload_null)
    i.__scatterload_zeroinit                 0x08000484   Section       14  handlers.o(i.__scatterload_zeroinit)
    i.main                                   0x08000494   Section        0  main.o(i.main)
    .data                                    0x20000000   Section       44  mytimer.o(.data)
    tim2_function                            0x20000020   Data           4  mytimer.o(.data)
    tim3_function                            0x20000024   Data           4  mytimer.o(.data)
    tim4_function                            0x20000028   Data           4  mytimer.o(.data)
    .bss                                     0x2000002c   Section       12  main.o(.bss)
    STACK                                    0x20000038   Section     1024  startup_stm32f10x_md.o(STACK)

    Global Symbols

    Symbol Name                              Value     Ov Type        Size  Object(Section)

    BuildAttributes$$THM_ISAv4$P$D$K$B$S$PE$A:L22UL41UL21$X:L11$S22US41US21$IEEE1$IW$USESV6$~STKCKD$USESV7$~SHL$OSPACE$EBA8$MICROLIB$REQ8$PRES8$EABIv2 0x00000000   Number         0  anon$$obj.o ABSOLUTE
    __ARM_use_no_argv                        0x00000000   Number         0  main.o ABSOLUTE
    __cpp_initialize__aeabi_                  - Undefined Weak Reference
    __cxa_finalize                            - Undefined Weak Reference
    __decompress                              - Undefined Weak Reference
    _clock_init                               - Undefined Weak Reference
    _microlib_exit                            - Undefined Weak Reference
    __Vectors_Size                           0x000000ec   Number         0  startup_stm32f10x_md.o ABSOLUTE
    __Vectors                                0x08000000   Data           4  startup_stm32f10x_md.o(RESET)
    __Vectors_End                            0x080000ec   Data           0  startup_stm32f10x_md.o(RESET)
    __main                                   0x080000ed   Thumb Code     0  entry.o(.ARM.Collect$$$$00000000)
    _main_stk                                0x080000ed   Thumb Code     0  entry2.o(.ARM.Collect$$$$00000001)
    _main_scatterload                        0x080000f1   Thumb Code     0  entry5.o(.ARM.Collect$$$$00000004)
    __main_after_scatterload                 0x080000f5   Thumb Code     0  entry5.o(.ARM.Collect$$$$00000004)
    _main_clock                              0x080000f5   Thumb Code     0  entry7b.o(.ARM.Collect$$$$00000008)
    _main_cpp_init                           0x080000f5   Thumb Code     0  entry8b.o(.ARM.Collect$$$$0000000A)
    _main_init                               0x080000f5   Thumb Code     0  entry9a.o(.ARM.Collect$$$$0000000B)
    __rt_final_cpp                           0x080000fd   Thumb Code     0  entry10a.o(.ARM.Collect$$$$0000000D)
    __rt_final_exit                          0x080000fd   Thumb Code     0  entry11a.o(.ARM.Collect$$$$0000000F)
    Reset_Handler                            0x08000101   Thumb Code     8  startup_stm32f10x_md.o(.text)
    NMI_Handler                              0x08000109   Thumb Code     2  startup_stm32f10x_md.o(.text)
    HardFault_Handler                        0x0800010b   Thumb Code     2  startup_stm32f10x_md.o(.text)
    MemManage_Handler                        0x0800010d   Thumb Code     2  startup_stm32f10x_md.o(.text)
    BusFault_Handler                         0x0800010f   Thumb Code     2  startup_stm32f10x_md.o(.text)
    UsageFault_Handler                       0x08000111   Thumb Code     2  startup_stm32f10x_md.o(.text)
    SVC_Handler                              0x08000113   Thumb Code     2  startup_stm32f10x_md.o(.text)
    DebugMon_Handler                         0x08000115   Thumb Code     2  startup_stm32f10x_md.o(.text)
    PendSV_Handler                           0x08000117   Thumb Code     2  startup_stm32f10x_md.o(.text)
    SysTick_Handler                          0x08000119   Thumb Code     2  startup_stm32f10x_md.o(.text)
    ADC1_2_IRQHandler                        0x0800011b   Thumb Code     0  startup_stm32f10x_md.o(.text)
    CAN1_RX1_IRQHandler                      0x0800011b   Thumb Code     0  startup_stm32f10x_md.o(.text)
    CAN1_SCE_IRQHandler                      0x0800011b   Thumb Code     0  startup_stm32f10x_md.o(.text)
    DMA1_Channel1_IRQHandler                 0x0800011b   Thumb Code     0  startup_stm32f10x_md.o(.text)
    DMA1_Channel2_IRQHandler                 0x0800011b   Thumb Code     0  startup_stm32f10x_md.o(.text)
    DMA1_Channel3_IRQHandler                 0x0800011b   Thumb Code     0  startup_stm32f10x_md.o(.text)
    DMA1_Channel4_IRQHandler                 0x0800011b   Thumb Code     0  startup_stm32f10x_md.o(.text)
    DMA1_Channel5_IRQHandler                 0x0800011b   Thumb Code     0  startup_stm32f10x_md.o(.text)
    DMA1_Channel6_IRQHandler                 0x0800011b   Thumb Code     0  startup_stm32f10x_md.o(.text)
    DMA1_Channel7_IRQHandler                 0x0800011b   Thumb Code     0  startup_stm32f10x_md.o(.text)
    EXTI15_10_IRQHandler                     0x0800011b   Thumb Code     0  startup_stm32f10x_md.o(.text)
    EXTI1_IRQHandler                         0x0800011b   Thumb Code     0  startup_stm32f10x_md.o(.text)
    EXTI2_IRQHandler                         0x0800011b   Thumb Code     0  startup_stm32f10x_md.o(.text)
    EXTI3_IRQHandler                         0x0800011b   Thumb Code     0  startup_stm32f10x_md.o(.text)
    EXTI4_IRQHandler                         0x0800011b   Thumb Code     0  startup_stm32f10x_md.o(.text)
    EXTI9_5_IRQHandler                       0x0800011b   Thumb Code     0  startup_stm32f10x_md.o(.text)
    FLASH_IRQHandler                         0x0800011b   Thumb Code     0  startup_stm32f10x_md.o(.text)
    I2C1_ER_IRQHandler                       0x0800011b   Thumb Code     0  startup_stm32f10x_md.o(.text)
    I2C1_EV_IRQHandler                       0x0800011b   Thumb Code     0  startup_stm32f10x_md.o(.text)
    I2C2_ER_IRQHandler                       0x0800011b   Thumb Code     0  startup_stm32f10x_md.o(.text)
    I2C2_EV_IRQHandler                       0x0800011b   Thumb Code     0  startup_stm32f10x_md.o(.text)
    PVD_IRQHandler                           0x0800011b   Thumb Code     0  startup_stm32f10x_md.o(.text)
    RCC_IRQHandler                           0x0800011b   Thumb Code     0  startup_stm32f10x_md.o(.text)
    RTCAlarm_IRQHandler                      0x0800011b   Thumb Code     0  startup_stm32f10x_md.o(.text)
    RTC_IRQHandler                           0x0800011b   Thumb Code     0  startup_stm32f10x_md.o(.text)
    SPI1_IRQHandler                          0x0800011b   Thumb Code     0  startup_stm32f10x_md.o(.text)
    SPI2_IRQHandler                          0x0800011b   Thumb Code     0  startup_stm32f10x_md.o(.text)
    TAMPER_IRQHandler                        0x0800011b   Thumb Code     0  startup_stm32f10x_md.o(.text)
    TIM1_BRK_IRQHandler                      0x0800011b   Thumb Code     0  startup_stm32f10x_md.o(.text)
    TIM1_CC_IRQHandler                       0x0800011b   Thumb Code     0  startup_stm32f10x_md.o(.text)
    TIM1_TRG_COM_IRQHandler                  0x0800011b   Thumb Code     0  startup_stm32f10x_md.o(.text)
    TIM1_UP_IRQHandler                       0x0800011b   Thumb Code     0  startup_stm32f10x_md.o(.text)
    USART1_IRQHandler                        0x0800011b   Thumb Code     0  startup_stm32f10x_md.o(.text)
    USART2_IRQHandler                        0x0800011b   Thumb Code     0  startup_stm32f10x_md.o(.text)
    USART3_IRQHandler                        0x0800011b   Thumb Code     0  startup_stm32f10x_md.o(.text)
    USBWakeUp_IRQHandler                     0x0800011b   Thumb Code     0  startup_stm32f10x_md.o(.text)
    USB_HP_CAN1_TX_IRQHandler                0x0800011b   Thumb Code     0  startup_stm32f10x_md.o(.text)
    USB_LP_CAN1_RX0_IRQHandler               0x0800011b   Thumb Code     0  startup_stm32f10x_md.o(.text)
    WWDG_IRQHandler                          0x0800011b   Thumb Code     0  startup_stm32f10x_md.o(.text)
    __scatterload                            0x08000125   Thumb Code    28  init.o(.text)
    __scatterload_rt2                        0x08000125   Thumb Code     0  init.o(.text)
    EXTI0_IRQHandler                         0x08000149   Thumb Code    24  mytimer.o(i.EXTI0_IRQHandler)
    Init_CHA                                 0x08000169   Thumb Code    26  main.o(i.Init_CHA)
    Init_CHB                                 0x08000189   Thumb Code    26  main.o(i.Init_CHB)
    Init_CODER                               0x080001a9   Thumb Code    26  main.o(i.Init_CODER)
    MyGPIO_Init                              0x080001c9   Thumb Code    86  driver_gpio.o(i.MyGPIO_Init)
    MyTimer_Base_Init                        0x08000221   Thumb Code    32  mytimer.o(i.MyTimer_Base_Init)
    MyTimer_Base_Start                       0x08000245   Thumb Code    14  mytimer.o(i.MyTimer_Base_Start)
    MyTimer_Encoder_Init                     0x08000253   Thumb Code    26  mytimer.o(i.MyTimer_Encoder_Init)
    MyZero_ActiveIT                          0x0800026d   Thumb Code    46  mytimer.o(i.MyZero_ActiveIT)
    SystemInit                               0x0800038d   Thumb Code    78  system_stm32f10x.o(i.SystemInit)
    TIM2_IRQHandler                          0x080003ed   Thumb Code    26  mytimer.o(i.TIM2_IRQHandler)
    TIM3_IRQHandler                          0x0800040d   Thumb Code    22  mytimer.o(i.TIM3_IRQHandler)
    TIM4_IRQHandler                          0x0800042d   Thumb Code    22  mytimer.o(i.TIM4_IRQHandler)
    __scatterload_copy                       0x08000475   Thumb Code    14  handlers.o(i.__scatterload_copy)
    __scatterload_null                       0x08000483   Thumb Code     2  handlers.o(i.__scatterload_null)
    __scatterload_zeroinit                   0x08000485   Thumb Code    14  handlers.o(i.__scatterload_zeroinit)
    main                                     0x08000495   Thumb Code    68  main.o(i.main)
    Region$$Table$$Base                      0x080004e4   Number         0  anon$$obj.o(Region$$Table)
    Region$$Table$$Limit                     0x08000504   Number         0  anon$$obj.o(Region$$Table)
    TIMER1_TAB_CH                            0x20000000   Data           8  mytimer.o(.data)
    TIMER2_TAB_CH                            0x20000008   Data           8  mytimer.o(.data)
    TIMER3_TAB_CH                            0x20000010   Data           8  mytimer.o(.data)
    TIMER4_TAB_CH                            0x20000018   Data           8  mytimer.o(.data)
    MyTimer                                  0x2000002c   Data          12  main.o(.bss)
    __initial_sp                             0x20000438   Data           0  startup_stm32f10x_md.o(STACK)



==============================================================================

Memory Map of the image

  Image Entry point : 0x08000101

  Load Region LR_1 (Base: 0x08000000, Size: 0x00000530, Max: 0xffffffff, ABSOLUTE)

    Execution Region ER_RO (Exec base: 0x08000000, Load base: 0x08000000, Size: 0x00000504, Max: 0xffffffff, ABSOLUTE)

    Exec Addr    Load Addr    Size         Type   Attr      Idx    E Section Name        Object

    0x08000000   0x08000000   0x000000ec   Data   RO          245    RESET               startup_stm32f10x_md.o
    0x080000ec   0x080000ec   0x00000000   Code   RO          296  * .ARM.Collect$$$$00000000  mc_w.l(entry.o)
    0x080000ec   0x080000ec   0x00000004   Code   RO          299    .ARM.Collect$$$$00000001  mc_w.l(entry2.o)
    0x080000f0   0x080000f0   0x00000004   Code   RO          302    .ARM.Collect$$$$00000004  mc_w.l(entry5.o)
    0x080000f4   0x080000f4   0x00000000   Code   RO          304    .ARM.Collect$$$$00000008  mc_w.l(entry7b.o)
    0x080000f4   0x080000f4   0x00000000   Code   RO          306    .ARM.Collect$$$$0000000A  mc_w.l(entry8b.o)
    0x080000f4   0x080000f4   0x00000008   Code   RO          307    .ARM.Collect$$$$0000000B  mc_w.l(entry9a.o)
    0x080000fc   0x080000fc   0x00000000   Code   RO          309    .ARM.Collect$$$$0000000D  mc_w.l(entry10a.o)
    0x080000fc   0x080000fc   0x00000000   Code   RO          311    .ARM.Collect$$$$0000000F  mc_w.l(entry11a.o)
    0x080000fc   0x080000fc   0x00000004   Code   RO          300    .ARM.Collect$$$$00002712  mc_w.l(entry2.o)
    0x08000100   0x08000100   0x00000024   Code   RO          246  * .text               startup_stm32f10x_md.o
    0x08000124   0x08000124   0x00000024   Code   RO          313    .text               mc_w.l(init.o)
    0x08000148   0x08000148   0x00000020   Code   RO          138    i.EXTI0_IRQHandler  mytimer.o
    0x08000168   0x08000168   0x00000020   Code   RO            5    i.Init_CHA          main.o
    0x08000188   0x08000188   0x00000020   Code   RO            6    i.Init_CHB          main.o
    0x080001a8   0x080001a8   0x00000020   Code   RO            7    i.Init_CODER        main.o
    0x080001c8   0x080001c8   0x00000056   Code   RO           90    i.MyGPIO_Init       driver_gpio.o
    0x0800021e   0x0800021e   0x00000002   PAD
    0x08000220   0x08000220   0x00000024   Code   RO          140    i.MyTimer_Base_Init  mytimer.o
    0x08000244   0x08000244   0x0000000e   Code   RO          141    i.MyTimer_Base_Start  mytimer.o
    0x08000252   0x08000252   0x0000001a   Code   RO          143    i.MyTimer_Encoder_Init  mytimer.o
    0x0800026c   0x0800026c   0x00000038   Code   RO          145    i.MyZero_ActiveIT   mytimer.o
    0x080002a4   0x080002a4   0x00000008   Code   RO          253    i.SetSysClock       system_stm32f10x.o
    0x080002ac   0x080002ac   0x000000e0   Code   RO          254    i.SetSysClockTo72   system_stm32f10x.o
    0x0800038c   0x0800038c   0x00000060   Code   RO          256    i.SystemInit        system_stm32f10x.o
    0x080003ec   0x080003ec   0x00000020   Code   RO          148    i.TIM2_IRQHandler   mytimer.o
    0x0800040c   0x0800040c   0x00000020   Code   RO          149    i.TIM3_IRQHandler   mytimer.o
    0x0800042c   0x0800042c   0x00000020   Code   RO          150    i.TIM4_IRQHandler   mytimer.o
    0x0800044c   0x0800044c   0x00000028   Code   RO          151    i.__NVIC_SetPriority  mytimer.o
    0x08000474   0x08000474   0x0000000e   Code   RO          317    i.__scatterload_copy  mc_w.l(handlers.o)
    0x08000482   0x08000482   0x00000002   Code   RO          318    i.__scatterload_null  mc_w.l(handlers.o)
    0x08000484   0x08000484   0x0000000e   Code   RO          319    i.__scatterload_zeroinit  mc_w.l(handlers.o)
    0x08000492   0x08000492   0x00000002   PAD
    0x08000494   0x08000494   0x00000050   Code   RO            8    i.main              main.o
    0x080004e4   0x080004e4   0x00000020   Data   RO          315    Region$$Table       anon$$obj.o


    Execution Region ER_RW (Exec base: 0x20000000, Load base: 0x08000504, Size: 0x0000002c, Max: 0xffffffff, ABSOLUTE)

    Exec Addr    Load Addr    Size         Type   Attr      Idx    E Section Name        Object

    0x20000000   0x08000504   0x0000002c   Data   RW          152    .data               mytimer.o


    Execution Region ER_ZI (Exec base: 0x2000002c, Load base: 0x08000530, Size: 0x0000040c, Max: 0xffffffff, ABSOLUTE)

    Exec Addr    Load Addr    Size         Type   Attr      Idx    E Section Name        Object

    0x2000002c        -       0x0000000c   Zero   RW            9    .bss                main.o
    0x20000038        -       0x00000400   Zero   RW          243    STACK               startup_stm32f10x_md.o


==============================================================================

Image component sizes


      Code (inc. data)   RO Data    RW Data    ZI Data      Debug   Object Name

        86          0          0          0          0        898   driver_gpio.o
       176         30          0          0         12     209348   main.o
       300         56          0         44          0       5153   mytimer.o
        36          8        236          0       1024        800   startup_stm32f10x_md.o
       328         28          0          0          0       1941   system_stm32f10x.o

    ----------------------------------------------------------------------
       928        122        268         44       1036     218140   Object Totals
         0          0         32          0          0          0   (incl. Generated)
         2          0          0          0          0          0   (incl. Padding)

    ----------------------------------------------------------------------

      Code (inc. data)   RO Data    RW Data    ZI Data      Debug   Library Member Name

         0          0          0          0          0          0   entry.o
         0          0          0          0          0          0   entry10a.o
         0          0          0          0          0          0   entry11a.o
         8          4          0          0          0          0   entry2.o
         4          0          0          0          0          0   entry5.o
         0          0          0          0          0          0   entry7b.o
         0          0          0          0          0          0   entry8b.o
         8          4          0          0          0          0   entry9a.o
        30          0          0          0          0          0   handlers.o
        36          8          0          0          0         68   init.o

    ----------------------------------------------------------------------
        88         16          0          0          0         68   Library Totals
         2          0          0          0          0          0   (incl. Padding)

    ----------------------------------------------------------------------

      Code (inc. data)   RO Data    RW Data    ZI Data      Debug   Library Name

        86         16          0          0          0         68   mc_w.l

    ----------------------------------------------------------------------
        88         16          0          0          0         68   Library Totals

    ----------------------------------------------------------------------

==============================================================================


      Code (inc. data)   RO Data    RW Data    ZI Data      Debug   

      1016        138        268         44       1036     217632   Grand Totals
      1016        138        268         44       1036     217632   ELF Image Totals
      1016        138        268         44          0          0   ROM Totals

==============================================================================

    Total RO  Size (Code + RO Data)                 1284 (   1.25kB)
    Total RW  Size (RW Data + ZI Data)              1080 (   1.05kB)
    Total ROM Size (Code + RO Data + RW Data)       1328 (   1.30kB)

==============================================================================

