Component: ARM Compiler 5.06 update 7 (build 960) Tool: armlink [4d3601]

==============================================================================

Section Cross References

    main.o(i.Init_CHA) refers to driver_gpio.o(i.MyGPIO_Init) for MyGPIO_Init
    main.o(i.Init_CHB) refers to driver_gpio.o(i.MyGPIO_Init) for MyGPIO_Init
    main.o(i.Init_GRT) refers to mytimer.o(i.MyTimer_Base_Init) for MyTimer_Base_Init
    main.o(i.Init_GRT) refers to mytimer.o(i.MyTimer_Base_Start) for MyTimer_Base_Start
    main.o(i.Init_GRT) refers to main.o(.bss) for MyTimer_GRT
    main.o(i.Init_PWM) refers to mytimer.o(i.MyTimer_Base_Init) for MyTimer_Base_Init
    main.o(i.Init_PWM) refers to mytimer.o(i.MyTimer_Base_Start) for MyTimer_Base_Start
    main.o(i.Init_PWM) refers to pwm.o(i.PWM_Port_Init) for PWM_Port_Init
    main.o(i.Init_PWM) refers to pwm.o(i.MyTimer_PWM) for MyTimer_PWM
    main.o(i.Init_PWM) refers to main.o(.bss) for MyTimerPWM
    main.o(i.Init_ZERO) refers to driver_gpio.o(i.MyGPIO_Init) for MyGPIO_Init
    main.o(i.main) refers to main.o(i.Init_GRT) for Init_GRT
    main.o(i.main) refers to main.o(i.Init_CHA) for Init_CHA
    main.o(i.main) refers to main.o(i.Init_CHB) for Init_CHB
    main.o(i.main) refers to main.o(i.Init_ZERO) for Init_ZERO
    main.o(i.main) refers to encoder.o(i.MyTimer_Encoder_Init) for MyTimer_Encoder_Init
    main.o(i.main) refers to encoder.o(i.MyZero_ActiveIT) for MyZero_ActiveIT
    main.o(i.main) refers to main.o(i.Init_PWM) for Init_PWM
    main.o(i.main) refers to servo.o(i.angle_servo) for angle_servo
    main.o(i.main) refers to main.o(.bss) for MyTimer_GRT
    driver_gpio.o(i.MyGPIO_Toggle) refers to driver_gpio.o(i.MyGPIO_Set) for MyGPIO_Set
    driver_gpio.o(i.MyGPIO_Toggle) refers to driver_gpio.o(i.MyGPIO_Reset) for MyGPIO_Reset
    mytimer.o(i.MyTimer_ActiveIT) refers to mytimer.o(.data) for tim2_function
    mytimer.o(i.TIM2_IRQHandler) refers to mytimer.o(.data) for tim2_function
    mytimer.o(i.TIM3_IRQHandler) refers to mytimer.o(.data) for tim3_function
    mytimer.o(i.TIM4_IRQHandler) refers to mytimer.o(.data) for tim4_function
    servo.o(i.angle_servo) refers to pwm.o(i.PWM_RapportCyclique) for PWM_RapportCyclique
    pwm.o(i.PWM_Port_Init) refers to driver_gpio.o(i.MyGPIO_Init) for MyGPIO_Init
    pwm.o(i.PWM_Port_Init) refers to pwm.o(.data) for TIMER1_TAB_CH
    startup_stm32f10x_md.o(RESET) refers to startup_stm32f10x_md.o(STACK) for __initial_sp
    startup_stm32f10x_md.o(RESET) refers to startup_stm32f10x_md.o(.text) for Reset_Handler
    startup_stm32f10x_md.o(RESET) refers to encoder.o(i.EXTI0_IRQHandler) for EXTI0_IRQHandler
    startup_stm32f10x_md.o(RESET) refers to mytimer.o(i.TIM2_IRQHandler) for TIM2_IRQHandler
    startup_stm32f10x_md.o(RESET) refers to mytimer.o(i.TIM3_IRQHandler) for TIM3_IRQHandler
    startup_stm32f10x_md.o(RESET) refers to mytimer.o(i.TIM4_IRQHandler) for TIM4_IRQHandler
    startup_stm32f10x_md.o(.text) refers to system_stm32f10x.o(i.SystemInit) for SystemInit
    startup_stm32f10x_md.o(.text) refers to entry.o(.ARM.Collect$$$$00000000) for __main
    system_stm32f10x.o(i.SetSysClock) refers to system_stm32f10x.o(i.SetSysClockTo72) for SetSysClockTo72
    system_stm32f10x.o(i.SystemCoreClockUpdate) refers to system_stm32f10x.o(.data) for SystemCoreClock
    system_stm32f10x.o(i.SystemInit) refers to system_stm32f10x.o(i.SetSysClock) for SetSysClock
    entry.o(.ARM.Collect$$$$00000000) refers (Special) to entry10a.o(.ARM.Collect$$$$0000000F) for __rt_final_cpp
    entry.o(.ARM.Collect$$$$00000000) refers (Special) to entry11a.o(.ARM.Collect$$$$00000011) for __rt_final_exit
    entry.o(.ARM.Collect$$$$00000000) refers (Special) to entry12b.o(.ARM.Collect$$$$0000000E) for __rt_lib_shutdown_fini
    entry.o(.ARM.Collect$$$$00000000) refers (Special) to entry7b.o(.ARM.Collect$$$$00000008) for _main_clock
    entry.o(.ARM.Collect$$$$00000000) refers (Special) to entry8b.o(.ARM.Collect$$$$0000000A) for _main_cpp_init
    entry.o(.ARM.Collect$$$$00000000) refers (Special) to entry9a.o(.ARM.Collect$$$$0000000B) for _main_init
    entry.o(.ARM.Collect$$$$00000000) refers (Special) to entry5.o(.ARM.Collect$$$$00000004) for _main_scatterload
    entry.o(.ARM.Collect$$$$00000000) refers (Special) to entry2.o(.ARM.Collect$$$$00000001) for _main_stk
    entry2.o(.ARM.Collect$$$$00000001) refers to entry2.o(.ARM.Collect$$$$00002712) for __lit__00000000
    entry2.o(.ARM.Collect$$$$00002712) refers to startup_stm32f10x_md.o(STACK) for __initial_sp
    entry2.o(__vectab_stack_and_reset_area) refers to startup_stm32f10x_md.o(STACK) for __initial_sp
    entry2.o(__vectab_stack_and_reset_area) refers to entry.o(.ARM.Collect$$$$00000000) for __main
    entry5.o(.ARM.Collect$$$$00000004) refers to init.o(.text) for __scatterload
    entry9a.o(.ARM.Collect$$$$0000000B) refers to main.o(i.main) for main
    entry9b.o(.ARM.Collect$$$$0000000C) refers to main.o(i.main) for main
    init.o(.text) refers to entry5.o(.ARM.Collect$$$$00000004) for __main_after_scatterload


==============================================================================

Removing Unused input sections from the image.

    Removing main.o(.rev16_text), (4 bytes).
    Removing main.o(.revsh_text), (4 bytes).
    Removing main.o(.rrx_text), (6 bytes).
    Removing driver_gpio.o(.rev16_text), (4 bytes).
    Removing driver_gpio.o(.revsh_text), (4 bytes).
    Removing driver_gpio.o(.rrx_text), (6 bytes).
    Removing driver_gpio.o(i.MyGPIO_Read), (12 bytes).
    Removing driver_gpio.o(i.MyGPIO_Reset), (18 bytes).
    Removing driver_gpio.o(i.MyGPIO_Set), (12 bytes).
    Removing driver_gpio.o(i.MyGPIO_Toggle), (36 bytes).
    Removing mytimer.o(.rev16_text), (4 bytes).
    Removing mytimer.o(.revsh_text), (4 bytes).
    Removing mytimer.o(.rrx_text), (6 bytes).
    Removing mytimer.o(i.MyTimer_ActiveIT), (152 bytes).
    Removing mytimer.o(i.MyTimer_Base_Stop), (24 bytes).
    Removing servo.o(.rev16_text), (4 bytes).
    Removing servo.o(.revsh_text), (4 bytes).
    Removing servo.o(.rrx_text), (6 bytes).
    Removing pwm.o(.rev16_text), (4 bytes).
    Removing pwm.o(.revsh_text), (4 bytes).
    Removing pwm.o(.rrx_text), (6 bytes).
    Removing encoder.o(.rev16_text), (4 bytes).
    Removing encoder.o(.revsh_text), (4 bytes).
    Removing encoder.o(.rrx_text), (6 bytes).
    Removing startup_stm32f10x_md.o(HEAP), (512 bytes).
    Removing system_stm32f10x.o(.rev16_text), (4 bytes).
    Removing system_stm32f10x.o(.revsh_text), (4 bytes).
    Removing system_stm32f10x.o(.rrx_text), (6 bytes).
    Removing system_stm32f10x.o(i.SystemCoreClockUpdate), (164 bytes).
    Removing system_stm32f10x.o(.data), (20 bytes).

30 unused section(s) (total 1048 bytes) removed from the image.

==============================================================================

Image Symbol Table

    Local Symbols

    Symbol Name                              Value     Ov Type        Size  Object(Section)

    ../clib/microlib/init/entry.s            0x00000000   Number         0  entry11b.o ABSOLUTE
    ../clib/microlib/init/entry.s            0x00000000   Number         0  entry2.o ABSOLUTE
    ../clib/microlib/init/entry.s            0x00000000   Number         0  entry9a.o ABSOLUTE
    ../clib/microlib/init/entry.s            0x00000000   Number         0  entry12b.o ABSOLUTE
    ../clib/microlib/init/entry.s            0x00000000   Number         0  entry12a.o ABSOLUTE
    ../clib/microlib/init/entry.s            0x00000000   Number         0  entry7b.o ABSOLUTE
    ../clib/microlib/init/entry.s            0x00000000   Number         0  entry11a.o ABSOLUTE
    ../clib/microlib/init/entry.s            0x00000000   Number         0  entry10b.o ABSOLUTE
    ../clib/microlib/init/entry.s            0x00000000   Number         0  entry5.o ABSOLUTE
    ../clib/microlib/init/entry.s            0x00000000   Number         0  entry8b.o ABSOLUTE
    ../clib/microlib/init/entry.s            0x00000000   Number         0  entry8a.o ABSOLUTE
    ../clib/microlib/init/entry.s            0x00000000   Number         0  entry10a.o ABSOLUTE
    ../clib/microlib/init/entry.s            0x00000000   Number         0  entry7a.o ABSOLUTE
    ../clib/microlib/init/entry.s            0x00000000   Number         0  entry.o ABSOLUTE
    ../clib/microlib/init/entry.s            0x00000000   Number         0  entry9b.o ABSOLUTE
    ..\MesDrivers\Source\Driver_GPIO.c       0x00000000   Number         0  driver_gpio.o ABSOLUTE
    ..\MesDrivers\Source\Encoder.c           0x00000000   Number         0  encoder.o ABSOLUTE
    ..\MesDrivers\Source\MyTimer.c           0x00000000   Number         0  mytimer.o ABSOLUTE
    ..\MesDrivers\Source\PWM.c               0x00000000   Number         0  pwm.o ABSOLUTE
    ..\MesDrivers\Source\Servo.c             0x00000000   Number         0  servo.o ABSOLUTE
    ..\\MesDrivers\\Source\\Driver_GPIO.c    0x00000000   Number         0  driver_gpio.o ABSOLUTE
    ..\\MesDrivers\\Source\\Encoder.c        0x00000000   Number         0  encoder.o ABSOLUTE
    ..\\MesDrivers\\Source\\MyTimer.c        0x00000000   Number         0  mytimer.o ABSOLUTE
    ..\\MesDrivers\\Source\\PWM.c            0x00000000   Number         0  pwm.o ABSOLUTE
    ..\\MesDrivers\\Source\\Servo.c          0x00000000   Number         0  servo.o ABSOLUTE
    RTE\Device\STM32F103RB\startup_stm32f10x_md.s 0x00000000   Number         0  startup_stm32f10x_md.o ABSOLUTE
    RTE\Device\STM32F103RB\system_stm32f10x.c 0x00000000   Number         0  system_stm32f10x.o ABSOLUTE
    RTE\\Device\\STM32F103RB\\system_stm32f10x.c 0x00000000   Number         0  system_stm32f10x.o ABSOLUTE
    Source\\main.c                           0x00000000   Number         0  main.o ABSOLUTE
    Source\main.c                            0x00000000   Number         0  main.o ABSOLUTE
    dc.s                                     0x00000000   Number         0  dc.o ABSOLUTE
    handlers.s                               0x00000000   Number         0  handlers.o ABSOLUTE
    init.s                                   0x00000000   Number         0  init.o ABSOLUTE
    RESET                                    0x08000000   Section      236  startup_stm32f10x_md.o(RESET)
    .ARM.Collect$$$$00000000                 0x080000ec   Section        0  entry.o(.ARM.Collect$$$$00000000)
    .ARM.Collect$$$$00000001                 0x080000ec   Section        4  entry2.o(.ARM.Collect$$$$00000001)
    .ARM.Collect$$$$00000004                 0x080000f0   Section        4  entry5.o(.ARM.Collect$$$$00000004)
    .ARM.Collect$$$$00000008                 0x080000f4   Section        0  entry7b.o(.ARM.Collect$$$$00000008)
    .ARM.Collect$$$$0000000A                 0x080000f4   Section        0  entry8b.o(.ARM.Collect$$$$0000000A)
    .ARM.Collect$$$$0000000B                 0x080000f4   Section        8  entry9a.o(.ARM.Collect$$$$0000000B)
    .ARM.Collect$$$$0000000E                 0x080000fc   Section        4  entry12b.o(.ARM.Collect$$$$0000000E)
    .ARM.Collect$$$$0000000F                 0x08000100   Section        0  entry10a.o(.ARM.Collect$$$$0000000F)
    .ARM.Collect$$$$00000011                 0x08000100   Section        0  entry11a.o(.ARM.Collect$$$$00000011)
    .ARM.Collect$$$$00002712                 0x08000100   Section        4  entry2.o(.ARM.Collect$$$$00002712)
    __lit__00000000                          0x08000100   Data           4  entry2.o(.ARM.Collect$$$$00002712)
    .text                                    0x08000104   Section       36  startup_stm32f10x_md.o(.text)
    .text                                    0x08000128   Section       36  init.o(.text)
    i.EXTI0_IRQHandler                       0x0800014c   Section        0  encoder.o(i.EXTI0_IRQHandler)
    i.Init_CHA                               0x0800016c   Section        0  main.o(i.Init_CHA)
    i.Init_CHB                               0x0800018c   Section        0  main.o(i.Init_CHB)
    i.Init_GRT                               0x080001ac   Section        0  main.o(i.Init_GRT)
    i.Init_PWM                               0x080001d4   Section        0  main.o(i.Init_PWM)
    i.Init_ZERO                              0x08000214   Section        0  main.o(i.Init_ZERO)
    i.MyGPIO_Init                            0x08000234   Section        0  driver_gpio.o(i.MyGPIO_Init)
    i.MyTimer_Base_Init                      0x0800028c   Section        0  mytimer.o(i.MyTimer_Base_Init)
    i.MyTimer_Base_Start                     0x080002b0   Section        0  mytimer.o(i.MyTimer_Base_Start)
    i.MyTimer_Encoder_Init                   0x080002be   Section        0  encoder.o(i.MyTimer_Encoder_Init)
    i.MyTimer_PWM                            0x080002d8   Section        0  pwm.o(i.MyTimer_PWM)
    i.MyZero_ActiveIT                        0x08000358   Section        0  encoder.o(i.MyZero_ActiveIT)
    i.PWM_Port_Init                          0x080003b0   Section        0  pwm.o(i.PWM_Port_Init)
    i.PWM_RapportCyclique                    0x08000468   Section        0  pwm.o(i.PWM_RapportCyclique)
    i.SetSysClock                            0x0800046c   Section        0  system_stm32f10x.o(i.SetSysClock)
    SetSysClock                              0x0800046d   Thumb Code     8  system_stm32f10x.o(i.SetSysClock)
    i.SetSysClockTo72                        0x08000474   Section        0  system_stm32f10x.o(i.SetSysClockTo72)
    SetSysClockTo72                          0x08000475   Thumb Code   214  system_stm32f10x.o(i.SetSysClockTo72)
    i.SystemInit                             0x08000554   Section        0  system_stm32f10x.o(i.SystemInit)
    i.TIM2_IRQHandler                        0x080005b4   Section        0  mytimer.o(i.TIM2_IRQHandler)
    i.TIM3_IRQHandler                        0x080005d4   Section        0  mytimer.o(i.TIM3_IRQHandler)
    i.TIM4_IRQHandler                        0x080005f4   Section        0  mytimer.o(i.TIM4_IRQHandler)
    i.__scatterload_copy                     0x08000614   Section       14  handlers.o(i.__scatterload_copy)
    i.__scatterload_null                     0x08000622   Section        2  handlers.o(i.__scatterload_null)
    i.__scatterload_zeroinit                 0x08000624   Section       14  handlers.o(i.__scatterload_zeroinit)
    i.angle_servo                            0x08000632   Section        0  servo.o(i.angle_servo)
    i.main                                   0x0800069c   Section        0  main.o(i.main)
    .data                                    0x20000000   Section       12  mytimer.o(.data)
    tim2_function                            0x20000000   Data           4  mytimer.o(.data)
    tim3_function                            0x20000004   Data           4  mytimer.o(.data)
    tim4_function                            0x20000008   Data           4  mytimer.o(.data)
    .data                                    0x2000000c   Section       32  pwm.o(.data)
    .bss                                     0x2000002c   Section       24  main.o(.bss)
    STACK                                    0x20000048   Section     1024  startup_stm32f10x_md.o(STACK)

    Global Symbols

    Symbol Name                              Value     Ov Type        Size  Object(Section)

    BuildAttributes$$THM_ISAv4$P$D$K$B$S$PE$A:L22UL41UL21$X:L11$S22US41US21$IEEE1$IW$USESV6$~STKCKD$USESV7$~SHL$OSPACE$EBA8$MICROLIB$REQ8$PRES8$EABIv2 0x00000000   Number         0  anon$$obj.o ABSOLUTE
    __ARM_use_no_argv                        0x00000000   Number         0  main.o ABSOLUTE
    __arm_fini_                               - Undefined Weak Reference
    __cpp_initialize__aeabi_                  - Undefined Weak Reference
    __cxa_finalize                            - Undefined Weak Reference
    __decompress                              - Undefined Weak Reference
    _clock_init                               - Undefined Weak Reference
    _microlib_exit                            - Undefined Weak Reference
    __Vectors_Size                           0x000000ec   Number         0  startup_stm32f10x_md.o ABSOLUTE
    __Vectors                                0x08000000   Data           4  startup_stm32f10x_md.o(RESET)
    __Vectors_End                            0x080000ec   Data           0  startup_stm32f10x_md.o(RESET)
    __main                                   0x080000ed   Thumb Code     0  entry.o(.ARM.Collect$$$$00000000)
    _main_stk                                0x080000ed   Thumb Code     0  entry2.o(.ARM.Collect$$$$00000001)
    _main_scatterload                        0x080000f1   Thumb Code     0  entry5.o(.ARM.Collect$$$$00000004)
    __main_after_scatterload                 0x080000f5   Thumb Code     0  entry5.o(.ARM.Collect$$$$00000004)
    _main_clock                              0x080000f5   Thumb Code     0  entry7b.o(.ARM.Collect$$$$00000008)
    _main_cpp_init                           0x080000f5   Thumb Code     0  entry8b.o(.ARM.Collect$$$$0000000A)
    _main_init                               0x080000f5   Thumb Code     0  entry9a.o(.ARM.Collect$$$$0000000B)
    __rt_lib_shutdown_fini                   0x080000fd   Thumb Code     0  entry12b.o(.ARM.Collect$$$$0000000E)
    __rt_final_cpp                           0x08000101   Thumb Code     0  entry10a.o(.ARM.Collect$$$$0000000F)
    __rt_final_exit                          0x08000101   Thumb Code     0  entry11a.o(.ARM.Collect$$$$00000011)
    Reset_Handler                            0x08000105   Thumb Code     8  startup_stm32f10x_md.o(.text)
    NMI_Handler                              0x0800010d   Thumb Code     2  startup_stm32f10x_md.o(.text)
    HardFault_Handler                        0x0800010f   Thumb Code     2  startup_stm32f10x_md.o(.text)
    MemManage_Handler                        0x08000111   Thumb Code     2  startup_stm32f10x_md.o(.text)
    BusFault_Handler                         0x08000113   Thumb Code     2  startup_stm32f10x_md.o(.text)
    UsageFault_Handler                       0x08000115   Thumb Code     2  startup_stm32f10x_md.o(.text)
    SVC_Handler                              0x08000117   Thumb Code     2  startup_stm32f10x_md.o(.text)
    DebugMon_Handler                         0x08000119   Thumb Code     2  startup_stm32f10x_md.o(.text)
    PendSV_Handler                           0x0800011b   Thumb Code     2  startup_stm32f10x_md.o(.text)
    SysTick_Handler                          0x0800011d   Thumb Code     2  startup_stm32f10x_md.o(.text)
    ADC1_2_IRQHandler                        0x0800011f   Thumb Code     0  startup_stm32f10x_md.o(.text)
    CAN1_RX1_IRQHandler                      0x0800011f   Thumb Code     0  startup_stm32f10x_md.o(.text)
    CAN1_SCE_IRQHandler                      0x0800011f   Thumb Code     0  startup_stm32f10x_md.o(.text)
    DMA1_Channel1_IRQHandler                 0x0800011f   Thumb Code     0  startup_stm32f10x_md.o(.text)
    DMA1_Channel2_IRQHandler                 0x0800011f   Thumb Code     0  startup_stm32f10x_md.o(.text)
    DMA1_Channel3_IRQHandler                 0x0800011f   Thumb Code     0  startup_stm32f10x_md.o(.text)
    DMA1_Channel4_IRQHandler                 0x0800011f   Thumb Code     0  startup_stm32f10x_md.o(.text)
    DMA1_Channel5_IRQHandler                 0x0800011f   Thumb Code     0  startup_stm32f10x_md.o(.text)
    DMA1_Channel6_IRQHandler                 0x0800011f   Thumb Code     0  startup_stm32f10x_md.o(.text)
    DMA1_Channel7_IRQHandler                 0x0800011f   Thumb Code     0  startup_stm32f10x_md.o(.text)
    EXTI15_10_IRQHandler                     0x0800011f   Thumb Code     0  startup_stm32f10x_md.o(.text)
    EXTI1_IRQHandler                         0x0800011f   Thumb Code     0  startup_stm32f10x_md.o(.text)
    EXTI2_IRQHandler                         0x0800011f   Thumb Code     0  startup_stm32f10x_md.o(.text)
    EXTI3_IRQHandler                         0x0800011f   Thumb Code     0  startup_stm32f10x_md.o(.text)
    EXTI4_IRQHandler                         0x0800011f   Thumb Code     0  startup_stm32f10x_md.o(.text)
    EXTI9_5_IRQHandler                       0x0800011f   Thumb Code     0  startup_stm32f10x_md.o(.text)
    FLASH_IRQHandler                         0x0800011f   Thumb Code     0  startup_stm32f10x_md.o(.text)
    I2C1_ER_IRQHandler                       0x0800011f   Thumb Code     0  startup_stm32f10x_md.o(.text)
    I2C1_EV_IRQHandler                       0x0800011f   Thumb Code     0  startup_stm32f10x_md.o(.text)
    I2C2_ER_IRQHandler                       0x0800011f   Thumb Code     0  startup_stm32f10x_md.o(.text)
    I2C2_EV_IRQHandler                       0x0800011f   Thumb Code     0  startup_stm32f10x_md.o(.text)
    PVD_IRQHandler                           0x0800011f   Thumb Code     0  startup_stm32f10x_md.o(.text)
    RCC_IRQHandler                           0x0800011f   Thumb Code     0  startup_stm32f10x_md.o(.text)
    RTCAlarm_IRQHandler                      0x0800011f   Thumb Code     0  startup_stm32f10x_md.o(.text)
    RTC_IRQHandler                           0x0800011f   Thumb Code     0  startup_stm32f10x_md.o(.text)
    SPI1_IRQHandler                          0x0800011f   Thumb Code     0  startup_stm32f10x_md.o(.text)
    SPI2_IRQHandler                          0x0800011f   Thumb Code     0  startup_stm32f10x_md.o(.text)
    TAMPER_IRQHandler                        0x0800011f   Thumb Code     0  startup_stm32f10x_md.o(.text)
    TIM1_BRK_IRQHandler                      0x0800011f   Thumb Code     0  startup_stm32f10x_md.o(.text)
    TIM1_CC_IRQHandler                       0x0800011f   Thumb Code     0  startup_stm32f10x_md.o(.text)
    TIM1_TRG_COM_IRQHandler                  0x0800011f   Thumb Code     0  startup_stm32f10x_md.o(.text)
    TIM1_UP_IRQHandler                       0x0800011f   Thumb Code     0  startup_stm32f10x_md.o(.text)
    USART1_IRQHandler                        0x0800011f   Thumb Code     0  startup_stm32f10x_md.o(.text)
    USART2_IRQHandler                        0x0800011f   Thumb Code     0  startup_stm32f10x_md.o(.text)
    USART3_IRQHandler                        0x0800011f   Thumb Code     0  startup_stm32f10x_md.o(.text)
    USBWakeUp_IRQHandler                     0x0800011f   Thumb Code     0  startup_stm32f10x_md.o(.text)
    USB_HP_CAN1_TX_IRQHandler                0x0800011f   Thumb Code     0  startup_stm32f10x_md.o(.text)
    USB_LP_CAN1_RX0_IRQHandler               0x0800011f   Thumb Code     0  startup_stm32f10x_md.o(.text)
    WWDG_IRQHandler                          0x0800011f   Thumb Code     0  startup_stm32f10x_md.o(.text)
    __scatterload                            0x08000129   Thumb Code    28  init.o(.text)
    __scatterload_rt2                        0x08000129   Thumb Code     0  init.o(.text)
    EXTI0_IRQHandler                         0x0800014d   Thumb Code    24  encoder.o(i.EXTI0_IRQHandler)
    Init_CHA                                 0x0800016d   Thumb Code    26  main.o(i.Init_CHA)
    Init_CHB                                 0x0800018d   Thumb Code    26  main.o(i.Init_CHB)
    Init_GRT                                 0x080001ad   Thumb Code    32  main.o(i.Init_GRT)
    Init_PWM                                 0x080001d5   Thumb Code    54  main.o(i.Init_PWM)
    Init_ZERO                                0x08000215   Thumb Code    26  main.o(i.Init_ZERO)
    MyGPIO_Init                              0x08000235   Thumb Code    86  driver_gpio.o(i.MyGPIO_Init)
    MyTimer_Base_Init                        0x0800028d   Thumb Code    32  mytimer.o(i.MyTimer_Base_Init)
    MyTimer_Base_Start                       0x080002b1   Thumb Code    14  mytimer.o(i.MyTimer_Base_Start)
    MyTimer_Encoder_Init                     0x080002bf   Thumb Code    26  encoder.o(i.MyTimer_Encoder_Init)
    MyTimer_PWM                              0x080002d9   Thumb Code   126  pwm.o(i.MyTimer_PWM)
    MyZero_ActiveIT                          0x08000359   Thumb Code    72  encoder.o(i.MyZero_ActiveIT)
    PWM_Port_Init                            0x080003b1   Thumb Code   158  pwm.o(i.PWM_Port_Init)
    PWM_RapportCyclique                      0x08000469   Thumb Code     4  pwm.o(i.PWM_RapportCyclique)
    SystemInit                               0x08000555   Thumb Code    78  system_stm32f10x.o(i.SystemInit)
    TIM2_IRQHandler                          0x080005b5   Thumb Code    26  mytimer.o(i.TIM2_IRQHandler)
    TIM3_IRQHandler                          0x080005d5   Thumb Code    22  mytimer.o(i.TIM3_IRQHandler)
    TIM4_IRQHandler                          0x080005f5   Thumb Code    22  mytimer.o(i.TIM4_IRQHandler)
    __scatterload_copy                       0x08000615   Thumb Code    14  handlers.o(i.__scatterload_copy)
    __scatterload_null                       0x08000623   Thumb Code     2  handlers.o(i.__scatterload_null)
    __scatterload_zeroinit                   0x08000625   Thumb Code    14  handlers.o(i.__scatterload_zeroinit)
    angle_servo                              0x08000633   Thumb Code   104  servo.o(i.angle_servo)
    main                                     0x0800069d   Thumb Code    70  main.o(i.main)
    Region$$Table$$Base                      0x080006f4   Number         0  anon$$obj.o(Region$$Table)
    Region$$Table$$Limit                     0x08000714   Number         0  anon$$obj.o(Region$$Table)
    TIMER1_TAB_CH                            0x2000000c   Data           8  pwm.o(.data)
    TIMER2_TAB_CH                            0x20000014   Data           8  pwm.o(.data)
    TIMER3_TAB_CH                            0x2000001c   Data           8  pwm.o(.data)
    TIMER4_TAB_CH                            0x20000024   Data           8  pwm.o(.data)
    MyTimer_GRT                              0x2000002c   Data          12  main.o(.bss)
    MyTimerPWM                               0x20000038   Data          12  main.o(.bss)
    __initial_sp                             0x20000448   Data           0  startup_stm32f10x_md.o(STACK)



==============================================================================

Memory Map of the image

  Image Entry point : 0x08000105

  Load Region LR_1 (Base: 0x08000000, Size: 0x00000740, Max: 0xffffffff, ABSOLUTE)

    Execution Region ER_RO (Exec base: 0x08000000, Load base: 0x08000000, Size: 0x00000714, Max: 0xffffffff, ABSOLUTE)

    Exec Addr    Load Addr    Size         Type   Attr      Idx    E Section Name        Object

    0x08000000   0x08000000   0x000000ec   Data   RO          320    RESET               startup_stm32f10x_md.o
    0x080000ec   0x080000ec   0x00000000   Code   RO          371  * .ARM.Collect$$$$00000000  mc_w.l(entry.o)
    0x080000ec   0x080000ec   0x00000004   Code   RO          374    .ARM.Collect$$$$00000001  mc_w.l(entry2.o)
    0x080000f0   0x080000f0   0x00000004   Code   RO          377    .ARM.Collect$$$$00000004  mc_w.l(entry5.o)
    0x080000f4   0x080000f4   0x00000000   Code   RO          379    .ARM.Collect$$$$00000008  mc_w.l(entry7b.o)
    0x080000f4   0x080000f4   0x00000000   Code   RO          381    .ARM.Collect$$$$0000000A  mc_w.l(entry8b.o)
    0x080000f4   0x080000f4   0x00000008   Code   RO          382    .ARM.Collect$$$$0000000B  mc_w.l(entry9a.o)
    0x080000fc   0x080000fc   0x00000004   Code   RO          389    .ARM.Collect$$$$0000000E  mc_w.l(entry12b.o)
    0x08000100   0x08000100   0x00000000   Code   RO          384    .ARM.Collect$$$$0000000F  mc_w.l(entry10a.o)
    0x08000100   0x08000100   0x00000000   Code   RO          386    .ARM.Collect$$$$00000011  mc_w.l(entry11a.o)
    0x08000100   0x08000100   0x00000004   Code   RO          375    .ARM.Collect$$$$00002712  mc_w.l(entry2.o)
    0x08000104   0x08000104   0x00000024   Code   RO          321  * .text               startup_stm32f10x_md.o
    0x08000128   0x08000128   0x00000024   Code   RO          390    .text               mc_w.l(init.o)
    0x0800014c   0x0800014c   0x00000020   Code   RO          285    i.EXTI0_IRQHandler  encoder.o
    0x0800016c   0x0800016c   0x00000020   Code   RO            4    i.Init_CHA          main.o
    0x0800018c   0x0800018c   0x00000020   Code   RO            5    i.Init_CHB          main.o
    0x080001ac   0x080001ac   0x00000028   Code   RO            6    i.Init_GRT          main.o
    0x080001d4   0x080001d4   0x00000040   Code   RO            7    i.Init_PWM          main.o
    0x08000214   0x08000214   0x00000020   Code   RO            8    i.Init_ZERO         main.o
    0x08000234   0x08000234   0x00000056   Code   RO          105    i.MyGPIO_Init       driver_gpio.o
    0x0800028a   0x0800028a   0x00000002   PAD
    0x0800028c   0x0800028c   0x00000024   Code   RO          154    i.MyTimer_Base_Init  mytimer.o
    0x080002b0   0x080002b0   0x0000000e   Code   RO          155    i.MyTimer_Base_Start  mytimer.o
    0x080002be   0x080002be   0x0000001a   Code   RO          286    i.MyTimer_Encoder_Init  encoder.o
    0x080002d8   0x080002d8   0x0000007e   Code   RO          246    i.MyTimer_PWM       pwm.o
    0x08000356   0x08000356   0x00000002   PAD
    0x08000358   0x08000358   0x00000058   Code   RO          287    i.MyZero_ActiveIT   encoder.o
    0x080003b0   0x080003b0   0x000000b8   Code   RO          247    i.PWM_Port_Init     pwm.o
    0x08000468   0x08000468   0x00000004   Code   RO          248    i.PWM_RapportCyclique  pwm.o
    0x0800046c   0x0800046c   0x00000008   Code   RO          328    i.SetSysClock       system_stm32f10x.o
    0x08000474   0x08000474   0x000000e0   Code   RO          329    i.SetSysClockTo72   system_stm32f10x.o
    0x08000554   0x08000554   0x00000060   Code   RO          331    i.SystemInit        system_stm32f10x.o
    0x080005b4   0x080005b4   0x00000020   Code   RO          157    i.TIM2_IRQHandler   mytimer.o
    0x080005d4   0x080005d4   0x00000020   Code   RO          158    i.TIM3_IRQHandler   mytimer.o
    0x080005f4   0x080005f4   0x00000020   Code   RO          159    i.TIM4_IRQHandler   mytimer.o
    0x08000614   0x08000614   0x0000000e   Code   RO          394    i.__scatterload_copy  mc_w.l(handlers.o)
    0x08000622   0x08000622   0x00000002   Code   RO          395    i.__scatterload_null  mc_w.l(handlers.o)
    0x08000624   0x08000624   0x0000000e   Code   RO          396    i.__scatterload_zeroinit  mc_w.l(handlers.o)
    0x08000632   0x08000632   0x00000068   Code   RO          219    i.angle_servo       servo.o
    0x0800069a   0x0800069a   0x00000002   PAD
    0x0800069c   0x0800069c   0x00000058   Code   RO            9    i.main              main.o
    0x080006f4   0x080006f4   0x00000020   Data   RO          392    Region$$Table       anon$$obj.o


    Execution Region ER_RW (Exec base: 0x20000000, Load base: 0x08000714, Size: 0x0000002c, Max: 0xffffffff, ABSOLUTE)

    Exec Addr    Load Addr    Size         Type   Attr      Idx    E Section Name        Object

    0x20000000   0x08000714   0x0000000c   Data   RW          160    .data               mytimer.o
    0x2000000c   0x08000720   0x00000020   Data   RW          249    .data               pwm.o


    Execution Region ER_ZI (Exec base: 0x2000002c, Load base: 0x08000740, Size: 0x0000041c, Max: 0xffffffff, ABSOLUTE)

    Exec Addr    Load Addr    Size         Type   Attr      Idx    E Section Name        Object

    0x2000002c        -       0x00000018   Zero   RW           10    .bss                main.o
    0x20000044   0x08000740   0x00000004   PAD
    0x20000048        -       0x00000400   Zero   RW          318    STACK               startup_stm32f10x_md.o


==============================================================================

Image component sizes


      Code (inc. data)   RO Data    RW Data    ZI Data      Debug   Object Name

        86          0          0          0          0       1038   driver_gpio.o
       146         24          0          0          0       2184   encoder.o
       288         54          0          0         24     210304   main.o
       146         30          0         12          0      27898   mytimer.o
       314         26          0         32          0       2650   pwm.o
       104          0          0          0          0       1250   servo.o
        36          8        236          0       1024        808   startup_stm32f10x_md.o
       328         28          0          0          0       2101   system_stm32f10x.o

    ----------------------------------------------------------------------
      1454        170        268         44       1052     248233   Object Totals
         0          0         32          0          0          0   (incl. Generated)
         6          0          0          0          4          0   (incl. Padding)

    ----------------------------------------------------------------------

      Code (inc. data)   RO Data    RW Data    ZI Data      Debug   Library Member Name

         0          0          0          0          0          0   entry.o
         0          0          0          0          0          0   entry10a.o
         0          0          0          0          0          0   entry11a.o
         4          0          0          0          0          0   entry12b.o
         8          4          0          0          0          0   entry2.o
         4          0          0          0          0          0   entry5.o
         0          0          0          0          0          0   entry7b.o
         0          0          0          0          0          0   entry8b.o
         8          4          0          0          0          0   entry9a.o
        30          0          0          0          0          0   handlers.o
        36          8          0          0          0         68   init.o

    ----------------------------------------------------------------------
        90         16          0          0          0         68   Library Totals
         0          0          0          0          0          0   (incl. Padding)

    ----------------------------------------------------------------------

      Code (inc. data)   RO Data    RW Data    ZI Data      Debug   Library Name

        90         16          0          0          0         68   mc_w.l

    ----------------------------------------------------------------------
        90         16          0          0          0         68   Library Totals

    ----------------------------------------------------------------------

==============================================================================


      Code (inc. data)   RO Data    RW Data    ZI Data      Debug   

      1544        186        268         44       1052     247465   Grand Totals
      1544        186        268         44       1052     247465   ELF Image Totals
      1544        186        268         44          0          0   ROM Totals

==============================================================================

    Total RO  Size (Code + RO Data)                 1812 (   1.77kB)
    Total RW  Size (RW Data + ZI Data)              1096 (   1.07kB)
    Total ROM Size (Code + RO Data + RW Data)       1856 (   1.81kB)

==============================================================================

